
> celebrum-ai@1.0.0 test /Users/irfandi/Coding/2025/celebrum-ai
> pnpm run build:test && vitest src/services/src/opportunities/tests/hedge-opportunity-manager.test.ts --run --reporter\=verbose


> celebrum-ai@1.0.0 build:test /Users/irfandi/Coding/2025/celebrum-ai
> tsc -p tsconfig.test.json


 RUN  v3.2.4 /Users/irfandi/Coding/2025/celebrum-ai

[vpw:info] Starting isolated runtimes for vitest.config.ts...
stderr | src/services/src/opportunities/tests/hedge-opportunity-manager.test.ts
Failed to add source bitfinex: Error: [vitest] No "bitfinex" export is defined on the "ccxt" mock. Did you forget to return it from "vi.mock"?
If you need to partially mock a module, you can use "importOriginal" helper inside:

    at VitestMocker.createError (Users/irfandi/Coding/2025/celebrum-ai/node_modules/.pnpm/vitest@3.2.4_@types+debug@4.1.12_@types+node@24.0.4_@vitest+ui@3.2.4_jiti@2.4.2_jsdom@2_f813d808220fbe9fbe14c149debf6d27/node_modules/vitest/dist/chunks/execute.B7h3T_Hc.js:284:17)
    at Object.get (Users/irfandi/Coding/2025/celebrum-ai/node_modules/.pnpm/vitest@3.2.4_@types+debug@4.1.12_@types+node@24.0.4_@vitest+ui@3.2.4_jiti@2.4.2_jsdom@2_f813d808220fbe9fbe14c149debf6d27/node_modules/vitest/dist/chunks/execute.B7h3T_Hc.js:330:16)
    at new CCXTDataSource (/Users/irfandi/Coding/2025/celebrum-ai/src/shared/src/infrastructure/ccxt-data-source.ts:29:28)
    at CCXTDataSourceManager.addSource (/Users/irfandi/Coding/2025/celebrum-ai/src/shared/src/infrastructure/ccxt-data-source.ts:300:22)
    at CCXTDataSourceManager.initializeDefaultSources (/Users/irfandi/Coding/2025/celebrum-ai/src/shared/src/infrastructure/ccxt-data-source.ts:285:14)
    at new CCXTDataSourceManager (/Users/irfandi/Coding/2025/celebrum-ai/src/shared/src/infrastructure/ccxt-data-source.ts:266:10)
    at /Users/irfandi/Coding/2025/celebrum-ai/src/shared/src/infrastructure/ccxt-data-source.ts:541:38
    at VitestExecutor.runModule (Users/irfandi/Coding/2025/celebrum-ai/node_modules/.pnpm/vite-node@3.2.4_@types+node@24.0.4_jiti@2.4.2_lightningcss@1.30.1_tsx@4.20.3_yaml@2.8.0/node_modules/vite-node/dist/client.mjs:397:4)
    at VitestExecutor.directRequest (Users/irfandi/Coding/2025/celebrum-ai/node_modules/.pnpm/vite-node@3.2.4_@types+node@24.0.4_jiti@2.4.2_lightningcss@1.30.1_tsx@4.20.3_yaml@2.8.0/node_modules/vite-node/dist/client.mjs:375:3)
    at VitestExecutor.cachedRequest (Users/irfandi/Coding/2025/celebrum-ai/node_modules/.pnpm/vite-node@3.2.4_@types+node@24.0.4_jiti@2.4.2_lightningcss@1.30.1_tsx@4.20.3_yaml@2.8.0/node_modules/vite-node/dist/client.mjs:189:11) {
  codeFrame: 'vi.mock(import("ccxt"), async (importOriginal) => {\n' +
    '  const actual = await importOriginal()\n' +
    '  return {\n' +
    '    ...actual,\n' +
    '    // your mocked methods\n' +
    '  }\n' +
    '})'
}
Failed to add source huobi: Error: [vitest] No "huobi" export is defined on the "ccxt" mock. Did you forget to return it from "vi.mock"?
If you need to partially mock a module, you can use "importOriginal" helper inside:

    at VitestMocker.createError (Users/irfandi/Coding/2025/celebrum-ai/node_modules/.pnpm/vitest@3.2.4_@types+debug@4.1.12_@types+node@24.0.4_@vitest+ui@3.2.4_jiti@2.4.2_jsdom@2_f813d808220fbe9fbe14c149debf6d27/node_modules/vitest/dist/chunks/execute.B7h3T_Hc.js:284:17)
    at Object.get (Users/irfandi/Coding/2025/celebrum-ai/node_modules/.pnpm/vitest@3.2.4_@types+debug@4.1.12_@types+node@24.0.4_@vitest+ui@3.2.4_jiti@2.4.2_jsdom@2_f813d808220fbe9fbe14c149debf6d27/node_modules/vitest/dist/chunks/execute.B7h3T_Hc.js:330:16)
    at new CCXTDataSource (/Users/irfandi/Coding/2025/celebrum-ai/src/shared/src/infrastructure/ccxt-data-source.ts:29:28)
    at CCXTDataSourceManager.addSource (/Users/irfandi/Coding/2025/celebrum-ai/src/shared/src/infrastructure/ccxt-data-source.ts:300:22)
    at CCXTDataSourceManager.initializeDefaultSources (/Users/irfandi/Coding/2025/celebrum-ai/src/shared/src/infrastructure/ccxt-data-source.ts:285:14)
    at new CCXTDataSourceManager (/Users/irfandi/Coding/2025/celebrum-ai/src/shared/src/infrastructure/ccxt-data-source.ts:266:10)
    at /Users/irfandi/Coding/2025/celebrum-ai/src/shared/src/infrastructure/ccxt-data-source.ts:541:38
    at VitestExecutor.runModule (Users/irfandi/Coding/2025/celebrum-ai/node_modules/.pnpm/vite-node@3.2.4_@types+node@24.0.4_jiti@2.4.2_lightningcss@1.30.1_tsx@4.20.3_yaml@2.8.0/node_modules/vite-node/dist/client.mjs:397:4)
    at VitestExecutor.directRequest (Users/irfandi/Coding/2025/celebrum-ai/node_modules/.pnpm/vite-node@3.2.4_@types+node@24.0.4_jiti@2.4.2_lightningcss@1.30.1_tsx@4.20.3_yaml@2.8.0/node_modules/vite-node/dist/client.mjs:375:3)
    at VitestExecutor.cachedRequest (Users/irfandi/Coding/2025/celebrum-ai/node_modules/.pnpm/vite-node@3.2.4_@types+node@24.0.4_jiti@2.4.2_lightningcss@1.30.1_tsx@4.20.3_yaml@2.8.0/node_modules/vite-node/dist/client.mjs:189:11) {
  codeFrame: 'vi.mock(import("ccxt"), async (importOriginal) => {\n' +
    '  const actual = await importOriginal()\n' +
    '  return {\n' +
    '    ...actual,\n' +
    '    // your mocked methods\n' +
    '  }\n' +
    '})'
}
Failed to add source okx: Error: [vitest] No "okx" export is defined on the "ccxt" mock. Did you forget to return it from "vi.mock"?
If you need to partially mock a module, you can use "importOriginal" helper inside:

    at VitestMocker.createError (Users/irfandi/Coding/2025/celebrum-ai/node_modules/.pnpm/vitest@3.2.4_@types+debug@4.1.12_@types+node@24.0.4_@vitest+ui@3.2.4_jiti@2.4.2_jsdom@2_f813d808220fbe9fbe14c149debf6d27/node_modules/vitest/dist/chunks/execute.B7h3T_Hc.js:284:17)
    at Object.get (Users/irfandi/Coding/2025/celebrum-ai/node_modules/.pnpm/vitest@3.2.4_@types+debug@4.1.12_@types+node@24.0.4_@vitest+ui@3.2.4_jiti@2.4.2_jsdom@2_f813d808220fbe9fbe14c149debf6d27/node_modules/vitest/dist/chunks/execute.B7h3T_Hc.js:330:16)
    at new CCXTDataSource (/Users/irfandi/Coding/2025/celebrum-ai/src/shared/src/infrastructure/ccxt-data-source.ts:29:28)
    at CCXTDataSourceManager.addSource (/Users/irfandi/Coding/2025/celebrum-ai/src/shared/src/infrastructure/ccxt-data-source.ts:300:22)
    at CCXTDataSourceManager.initializeDefaultSources (/Users/irfandi/Coding/2025/celebrum-ai/src/shared/src/infrastructure/ccxt-data-source.ts:285:14)
    at new CCXTDataSourceManager (/Users/irfandi/Coding/2025/celebrum-ai/src/shared/src/infrastructure/ccxt-data-source.ts:266:10)
    at /Users/irfandi/Coding/2025/celebrum-ai/src/shared/src/infrastructure/ccxt-data-source.ts:541:38
    at VitestExecutor.runModule (Users/irfandi/Coding/2025/celebrum-ai/node_modules/.pnpm/vite-node@3.2.4_@types+node@24.0.4_jiti@2.4.2_lightningcss@1.30.1_tsx@4.20.3_yaml@2.8.0/node_modules/vite-node/dist/client.mjs:397:4)
    at VitestExecutor.directRequest (Users/irfandi/Coding/2025/celebrum-ai/node_modules/.pnpm/vite-node@3.2.4_@types+node@24.0.4_jiti@2.4.2_lightningcss@1.30.1_tsx@4.20.3_yaml@2.8.0/node_modules/vite-node/dist/client.mjs:375:3)
    at VitestExecutor.cachedRequest (Users/irfandi/Coding/2025/celebrum-ai/node_modules/.pnpm/vite-node@3.2.4_@types+node@24.0.4_jiti@2.4.2_lightningcss@1.30.1_tsx@4.20.3_yaml@2.8.0/node_modules/vite-node/dist/client.mjs:189:11) {
  codeFrame: 'vi.mock(import("ccxt"), async (importOriginal) => {\n' +
    '  const actual = await importOriginal()\n' +
    '  return {\n' +
    '    ...actual,\n' +
    '    // your mocked methods\n' +
    '  }\n' +
    '})'
}
Failed to add source bybit: Error: [vitest] No "bybit" export is defined on the "ccxt" mock. Did you forget to return it from "vi.mock"?
If you need to partially mock a module, you can use "importOriginal" helper inside:

    at VitestMocker.createError (Users/irfandi/Coding/2025/celebrum-ai/node_modules/.pnpm/vitest@3.2.4_@types+debug@4.1.12_@types+node@24.0.4_@vitest+ui@3.2.4_jiti@2.4.2_jsdom@2_f813d808220fbe9fbe14c149debf6d27/node_modules/vitest/dist/chunks/execute.B7h3T_Hc.js:284:17)
    at Object.get (Users/irfandi/Coding/2025/celebrum-ai/node_modules/.pnpm/vitest@3.2.4_@types+debug@4.1.12_@types+node@24.0.4_@vitest+ui@3.2.4_jiti@2.4.2_jsdom@2_f813d808220fbe9fbe14c149debf6d27/node_modules/vitest/dist/chunks/execute.B7h3T_Hc.js:330:16)
    at new CCXTDataSource (/Users/irfandi/Coding/2025/celebrum-ai/src/shared/src/infrastructure/ccxt-data-source.ts:29:28)
    at CCXTDataSourceManager.addSource (/Users/irfandi/Coding/2025/celebrum-ai/src/shared/src/infrastructure/ccxt-data-source.ts:300:22)
    at CCXTDataSourceManager.initializeDefaultSources (/Users/irfandi/Coding/2025/celebrum-ai/src/shared/src/infrastructure/ccxt-data-source.ts:285:14)
    at new CCXTDataSourceManager (/Users/irfandi/Coding/2025/celebrum-ai/src/shared/src/infrastructure/ccxt-data-source.ts:266:10)
    at /Users/irfandi/Coding/2025/celebrum-ai/src/shared/src/infrastructure/ccxt-data-source.ts:541:38
    at VitestExecutor.runModule (Users/irfandi/Coding/2025/celebrum-ai/node_modules/.pnpm/vite-node@3.2.4_@types+node@24.0.4_jiti@2.4.2_lightningcss@1.30.1_tsx@4.20.3_yaml@2.8.0/node_modules/vite-node/dist/client.mjs:397:4)
    at VitestExecutor.directRequest (Users/irfandi/Coding/2025/celebrum-ai/node_modules/.pnpm/vite-node@3.2.4_@types+node@24.0.4_jiti@2.4.2_lightningcss@1.30.1_tsx@4.20.3_yaml@2.8.0/node_modules/vite-node/dist/client.mjs:375:3)
    at VitestExecutor.cachedRequest (Users/irfandi/Coding/2025/celebrum-ai/node_modules/.pnpm/vite-node@3.2.4_@types+node@24.0.4_jiti@2.4.2_lightningcss@1.30.1_tsx@4.20.3_yaml@2.8.0/node_modules/vite-node/dist/client.mjs:189:11) {
  codeFrame: 'vi.mock(import("ccxt"), async (importOriginal) => {\n' +
    '  const actual = await importOriginal()\n' +
    '  return {\n' +
    '    ...actual,\n' +
    '    // your mocked methods\n' +
    '  }\n' +
    '})'
}

 × src/services/src/opportunities/tests/hedge-opportunity-manager.test.ts > HedgeOpportunityManager > Hedge Opportunity Generation > should generate hedge opportunities from market data with proper format 10ms
   → expected 0 to be greater than 0
 × src/services/src/opportunities/tests/hedge-opportunity-manager.test.ts > HedgeOpportunityManager > Hedge Opportunity Generation > should calculate expected APR correctly 20ms
   → expected 0 to be greater than 0
 × src/services/src/opportunities/tests/hedge-opportunity-manager.test.ts > HedgeOpportunityManager > Hedge Opportunity Generation > should assess risk levels correctly 4ms
   → expected 0 to be greater than 0
 × src/services/src/opportunities/tests/hedge-opportunity-manager.test.ts > HedgeOpportunityManager > Hedge Opportunity Generation > should sort opportunities by expected APR descending 6ms
   → expected 0 to be greater than 0
 ✓ src/services/src/opportunities/tests/hedge-opportunity-manager.test.ts > HedgeOpportunityManager > Tier-based Filtering > should filter opportunities for free tier users 25ms
 ✓ src/services/src/opportunities/tests/hedge-opportunity-manager.test.ts > HedgeOpportunityManager > Tier-based Filtering > should provide more opportunities for pro tier users 16ms
 ✓ src/services/src/opportunities/tests/hedge-opportunity-manager.test.ts > HedgeOpportunityManager > Tier-based Filtering > should provide maximum opportunities for ultra tier users 20ms
 × src/services/src/opportunities/tests/hedge-opportunity-manager.test.ts > HedgeOpportunityManager > Caching > should cache opportunities and serve from cache when available 26ms
   → expected [] to deeply equal [ { id: 'cached_hedge_1', …(11) } ]
 × src/services/src/opportunities/tests/hedge-opportunity-manager.test.ts > HedgeOpportunityManager > Caching > should generate fresh opportunities when cache is expired 24ms
   → expected 0 to be greater than 0
 × src/services/src/opportunities/tests/hedge-opportunity-manager.test.ts > HedgeOpportunityManager > Hedge Execution > should execute hedge opportunity successfully 7ms
   → expected 0 to be greater than 0
 ✓ src/services/src/opportunities/tests/hedge-opportunity-manager.test.ts > HedgeOpportunityManager > Hedge Execution > should handle execution failure gracefully 14ms
 × src/services/src/opportunities/tests/hedge-opportunity-manager.test.ts > HedgeOpportunityManager > Hedge Execution > should validate position size limits 11ms
   → expected 0 to be greater than 0
 ✓ src/services/src/opportunities/tests/hedge-opportunity-manager.test.ts > HedgeOpportunityManager > Hedge Execution > should handle expired opportunities 22ms
stderr | src/services/src/opportunities/tests/hedge-opportunity-manager.test.ts > HedgeOpportunityManager > Fallback Opportunities > should generate fallback opportunities when API fails
Failed to fetch BTCUSDT from binance: Error: API Error
    at /Users/irfandi/Coding/2025/celebrum-ai/src/services/src/opportunities/tests/hedge-opportunity-manager.test.ts:632:56
    at Users/irfandi/Coding/2025/celebrum-ai/node_modules/.pnpm/@vitest+runner@3.2.4/node_modules/@vitest/runner/dist/chunk-hooks.js:155:11
    at Users/irfandi/Coding/2025/celebrum-ai/node_modules/.pnpm/@vitest+runner@3.2.4/node_modules/@vitest/runner/dist/chunk-hooks.js:752:26
    at Users/irfandi/Coding/2025/celebrum-ai/node_modules/.pnpm/@vitest+runner@3.2.4/node_modules/@vitest/runner/dist/chunk-hooks.js:1897:20
    at new Promise (<anonymous>)
    at runWithTimeout (Users/irfandi/Coding/2025/celebrum-ai/node_modules/.pnpm/@vitest+runner@3.2.4/node_modules/@vitest/runner/dist/chunk-hooks.js:1863:10)
    at runTest (Users/irfandi/Coding/2025/celebrum-ai/node_modules/.pnpm/@vitest+runner@3.2.4/node_modules/@vitest/runner/dist/chunk-hooks.js:1574:12)
    at runSuite (Users/irfandi/Coding/2025/celebrum-ai/node_modules/.pnpm/@vitest+runner@3.2.4/node_modules/@vitest/runner/dist/chunk-hooks.js:1729:8)
    at runSuite (Users/irfandi/Coding/2025/celebrum-ai/node_modules/.pnpm/@vitest+runner@3.2.4/node_modules/@vitest/runner/dist/chunk-hooks.js:1729:8)
    at runSuite (Users/irfandi/Coding/2025/celebrum-ai/node_modules/.pnpm/@vitest+runner@3.2.4/node_modules/@vitest/runner/dist/chunk-hooks.js:1729:8)

stderr | src/services/src/opportunities/tests/hedge-opportunity-manager.test.ts > HedgeOpportunityManager > Fallback Opportunities > should generate fallback opportunities when API fails
Failed to fetch BTCUSDT from coinbase: Error: API Error
    at /Users/irfandi/Coding/2025/celebrum-ai/src/services/src/opportunities/tests/hedge-opportunity-manager.test.ts:632:56
    at Users/irfandi/Coding/2025/celebrum-ai/node_modules/.pnpm/@vitest+runner@3.2.4/node_modules/@vitest/runner/dist/chunk-hooks.js:155:11
    at Users/irfandi/Coding/2025/celebrum-ai/node_modules/.pnpm/@vitest+runner@3.2.4/node_modules/@vitest/runner/dist/chunk-hooks.js:752:26
    at Users/irfandi/Coding/2025/celebrum-ai/node_modules/.pnpm/@vitest+runner@3.2.4/node_modules/@vitest/runner/dist/chunk-hooks.js:1897:20
    at new Promise (<anonymous>)
    at runWithTimeout (Users/irfandi/Coding/2025/celebrum-ai/node_modules/.pnpm/@vitest+runner@3.2.4/node_modules/@vitest/runner/dist/chunk-hooks.js:1863:10)
    at runTest (Users/irfandi/Coding/2025/celebrum-ai/node_modules/.pnpm/@vitest+runner@3.2.4/node_modules/@vitest/runner/dist/chunk-hooks.js:1574:12)
    at runSuite (Users/irfandi/Coding/2025/celebrum-ai/node_modules/.pnpm/@vitest+runner@3.2.4/node_modules/@vitest/runner/dist/chunk-hooks.js:1729:8)
    at runSuite (Users/irfandi/Coding/2025/celebrum-ai/node_modules/.pnpm/@vitest+runner@3.2.4/node_modules/@vitest/runner/dist/chunk-hooks.js:1729:8)
    at runSuite (Users/irfandi/Coding/2025/celebrum-ai/node_modules/.pnpm/@vitest+runner@3.2.4/node_modules/@vitest/runner/dist/chunk-hooks.js:1729:8)

stderr | src/services/src/opportunities/tests/hedge-opportunity-manager.test.ts > HedgeOpportunityManager > Fallback Opportunities > should generate fallback opportunities when API fails
Failed to fetch BTCUSDT from kraken: Error: API Error
    at /Users/irfandi/Coding/2025/celebrum-ai/src/services/src/opportunities/tests/hedge-opportunity-manager.test.ts:632:56
    at Users/irfandi/Coding/2025/celebrum-ai/node_modules/.pnpm/@vitest+runner@3.2.4/node_modules/@vitest/runner/dist/chunk-hooks.js:155:11
    at Users/irfandi/Coding/2025/celebrum-ai/node_modules/.pnpm/@vitest+runner@3.2.4/node_modules/@vitest/runner/dist/chunk-hooks.js:752:26
    at Users/irfandi/Coding/2025/celebrum-ai/node_modules/.pnpm/@vitest+runner@3.2.4/node_modules/@vitest/runner/dist/chunk-hooks.js:1897:20
    at new Promise (<anonymous>)
    at runWithTimeout (Users/irfandi/Coding/2025/celebrum-ai/node_modules/.pnpm/@vitest+runner@3.2.4/node_modules/@vitest/runner/dist/chunk-hooks.js:1863:10)
    at runTest (Users/irfandi/Coding/2025/celebrum-ai/node_modules/.pnpm/@vitest+runner@3.2.4/node_modules/@vitest/runner/dist/chunk-hooks.js:1574:12)
    at runSuite (Users/irfandi/Coding/2025/celebrum-ai/node_modules/.pnpm/@vitest+runner@3.2.4/node_modules/@vitest/runner/dist/chunk-hooks.js:1729:8)
    at runSuite (Users/irfandi/Coding/2025/celebrum-ai/node_modules/.pnpm/@vitest+runner@3.2.4/node_modules/@vitest/runner/dist/chunk-hooks.js:1729:8)
    at runSuite (Users/irfandi/Coding/2025/celebrum-ai/node_modules/.pnpm/@vitest+runner@3.2.4/node_modules/@vitest/runner/dist/chunk-hooks.js:1729:8)

stderr | src/services/src/opportunities/tests/hedge-opportunity-manager.test.ts > HedgeOpportunityManager > Fallback Opportunities > should generate fallback opportunities when API fails
Failed to fetch ETHUSDT from binance: Error: API Error
    at /Users/irfandi/Coding/2025/celebrum-ai/src/services/src/opportunities/tests/hedge-opportunity-manager.test.ts:632:56
    at Users/irfandi/Coding/2025/celebrum-ai/node_modules/.pnpm/@vitest+runner@3.2.4/node_modules/@vitest/runner/dist/chunk-hooks.js:155:11
    at Users/irfandi/Coding/2025/celebrum-ai/node_modules/.pnpm/@vitest+runner@3.2.4/node_modules/@vitest/runner/dist/chunk-hooks.js:752:26
    at Users/irfandi/Coding/2025/celebrum-ai/node_modules/.pnpm/@vitest+runner@3.2.4/node_modules/@vitest/runner/dist/chunk-hooks.js:1897:20
    at new Promise (<anonymous>)
    at runWithTimeout (Users/irfandi/Coding/2025/celebrum-ai/node_modules/.pnpm/@vitest+runner@3.2.4/node_modules/@vitest/runner/dist/chunk-hooks.js:1863:10)
    at runTest (Users/irfandi/Coding/2025/celebrum-ai/node_modules/.pnpm/@vitest+runner@3.2.4/node_modules/@vitest/runner/dist/chunk-hooks.js:1574:12)
    at runSuite (Users/irfandi/Coding/2025/celebrum-ai/node_modules/.pnpm/@vitest+runner@3.2.4/node_modules/@vitest/runner/dist/chunk-hooks.js:1729:8)
    at runSuite (Users/irfandi/Coding/2025/celebrum-ai/node_modules/.pnpm/@vitest+runner@3.2.4/node_modules/@vitest/runner/dist/chunk-hooks.js:1729:8)
    at runSuite (Users/irfandi/Coding/2025/celebrum-ai/node_modules/.pnpm/@vitest+runner@3.2.4/node_modules/@vitest/runner/dist/chunk-hooks.js:1729:8)

stderr | src/services/src/opportunities/tests/hedge-opportunity-manager.test.ts > HedgeOpportunityManager > Fallback Opportunities > should generate fallback opportunities when API fails
Failed to fetch ETHUSDT from coinbase: Error: API Error
    at /Users/irfandi/Coding/2025/celebrum-ai/src/services/src/opportunities/tests/hedge-opportunity-manager.test.ts:632:56
    at Users/irfandi/Coding/2025/celebrum-ai/node_modules/.pnpm/@vitest+runner@3.2.4/node_modules/@vitest/runner/dist/chunk-hooks.js:155:11
    at Users/irfandi/Coding/2025/celebrum-ai/node_modules/.pnpm/@vitest+runner@3.2.4/node_modules/@vitest/runner/dist/chunk-hooks.js:752:26
    at Users/irfandi/Coding/2025/celebrum-ai/node_modules/.pnpm/@vitest+runner@3.2.4/node_modules/@vitest/runner/dist/chunk-hooks.js:1897:20
    at new Promise (<anonymous>)
    at runWithTimeout (Users/irfandi/Coding/2025/celebrum-ai/node_modules/.pnpm/@vitest+runner@3.2.4/node_modules/@vitest/runner/dist/chunk-hooks.js:1863:10)
    at runTest (Users/irfandi/Coding/2025/celebrum-ai/node_modules/.pnpm/@vitest+runner@3.2.4/node_modules/@vitest/runner/dist/chunk-hooks.js:1574:12)
    at runSuite (Users/irfandi/Coding/2025/celebrum-ai/node_modules/.pnpm/@vitest+runner@3.2.4/node_modules/@vitest/runner/dist/chunk-hooks.js:1729:8)
    at runSuite (Users/irfandi/Coding/2025/celebrum-ai/node_modules/.pnpm/@vitest+runner@3.2.4/node_modules/@vitest/runner/dist/chunk-hooks.js:1729:8)
    at runSuite (Users/irfandi/Coding/2025/celebrum-ai/node_modules/.pnpm/@vitest+runner@3.2.4/node_modules/@vitest/runner/dist/chunk-hooks.js:1729:8)

stderr | src/services/src/opportunities/tests/hedge-opportunity-manager.test.ts > HedgeOpportunityManager > Fallback Opportunities > should generate fallback opportunities when API fails
Failed to fetch ETHUSDT from kraken: Error: API Error
    at /Users/irfandi/Coding/2025/celebrum-ai/src/services/src/opportunities/tests/hedge-opportunity-manager.test.ts:632:56
    at Users/irfandi/Coding/2025/celebrum-ai/node_modules/.pnpm/@vitest+runner@3.2.4/node_modules/@vitest/runner/dist/chunk-hooks.js:155:11
    at Users/irfandi/Coding/2025/celebrum-ai/node_modules/.pnpm/@vitest+runner@3.2.4/node_modules/@vitest/runner/dist/chunk-hooks.js:752:26
    at Users/irfandi/Coding/2025/celebrum-ai/node_modules/.pnpm/@vitest+runner@3.2.4/node_modules/@vitest/runner/dist/chunk-hooks.js:1897:20
    at new Promise (<anonymous>)
    at runWithTimeout (Users/irfandi/Coding/2025/celebrum-ai/node_modules/.pnpm/@vitest+runner@3.2.4/node_modules/@vitest/runner/dist/chunk-hooks.js:1863:10)
    at runTest (Users/irfandi/Coding/2025/celebrum-ai/node_modules/.pnpm/@vitest+runner@3.2.4/node_modules/@vitest/runner/dist/chunk-hooks.js:1574:12)
    at runSuite (Users/irfandi/Coding/2025/celebrum-ai/node_modules/.pnpm/@vitest+runner@3.2.4/node_modules/@vitest/runner/dist/chunk-hooks.js:1729:8)
    at runSuite (Users/irfandi/Coding/2025/celebrum-ai/node_modules/.pnpm/@vitest+runner@3.2.4/node_modules/@vitest/runner/dist/chunk-hooks.js:1729:8)
    at runSuite (Users/irfandi/Coding/2025/celebrum-ai/node_modules/.pnpm/@vitest+runner@3.2.4/node_modules/@vitest/runner/dist/chunk-hooks.js:1729:8)

stderr | src/services/src/opportunities/tests/hedge-opportunity-manager.test.ts > HedgeOpportunityManager > Fallback Opportunities > should generate fallback opportunities when API fails
Failed to fetch ADAUSDT from binance: Error: API Error
    at /Users/irfandi/Coding/2025/celebrum-ai/src/services/src/opportunities/tests/hedge-opportunity-manager.test.ts:632:56
    at Users/irfandi/Coding/2025/celebrum-ai/node_modules/.pnpm/@vitest+runner@3.2.4/node_modules/@vitest/runner/dist/chunk-hooks.js:155:11
    at Users/irfandi/Coding/2025/celebrum-ai/node_modules/.pnpm/@vitest+runner@3.2.4/node_modules/@vitest/runner/dist/chunk-hooks.js:752:26
    at Users/irfandi/Coding/2025/celebrum-ai/node_modules/.pnpm/@vitest+runner@3.2.4/node_modules/@vitest/runner/dist/chunk-hooks.js:1897:20
    at new Promise (<anonymous>)
    at runWithTimeout (Users/irfandi/Coding/2025/celebrum-ai/node_modules/.pnpm/@vitest+runner@3.2.4/node_modules/@vitest/runner/dist/chunk-hooks.js:1863:10)
    at runTest (Users/irfandi/Coding/2025/celebrum-ai/node_modules/.pnpm/@vitest+runner@3.2.4/node_modules/@vitest/runner/dist/chunk-hooks.js:1574:12)
    at runSuite (Users/irfandi/Coding/2025/celebrum-ai/node_modules/.pnpm/@vitest+runner@3.2.4/node_modules/@vitest/runner/dist/chunk-hooks.js:1729:8)
    at runSuite (Users/irfandi/Coding/2025/celebrum-ai/node_modules/.pnpm/@vitest+runner@3.2.4/node_modules/@vitest/runner/dist/chunk-hooks.js:1729:8)
    at runSuite (Users/irfandi/Coding/2025/celebrum-ai/node_modules/.pnpm/@vitest+runner@3.2.4/node_modules/@vitest/runner/dist/chunk-hooks.js:1729:8)

stderr | src/services/src/opportunities/tests/hedge-opportunity-manager.test.ts > HedgeOpportunityManager > Fallback Opportunities > should generate fallback opportunities when API fails
Failed to fetch ADAUSDT from coinbase: Error: API Error
    at /Users/irfandi/Coding/2025/celebrum-ai/src/services/src/opportunities/tests/hedge-opportunity-manager.test.ts:632:56
    at Users/irfandi/Coding/2025/celebrum-ai/node_modules/.pnpm/@vitest+runner@3.2.4/node_modules/@vitest/runner/dist/chunk-hooks.js:155:11
    at Users/irfandi/Coding/2025/celebrum-ai/node_modules/.pnpm/@vitest+runner@3.2.4/node_modules/@vitest/runner/dist/chunk-hooks.js:752:26
    at Users/irfandi/Coding/2025/celebrum-ai/node_modules/.pnpm/@vitest+runner@3.2.4/node_modules/@vitest/runner/dist/chunk-hooks.js:1897:20
    at new Promise (<anonymous>)
    at runWithTimeout (Users/irfandi/Coding/2025/celebrum-ai/node_modules/.pnpm/@vitest+runner@3.2.4/node_modules/@vitest/runner/dist/chunk-hooks.js:1863:10)
    at runTest (Users/irfandi/Coding/2025/celebrum-ai/node_modules/.pnpm/@vitest+runner@3.2.4/node_modules/@vitest/runner/dist/chunk-hooks.js:1574:12)
    at runSuite (Users/irfandi/Coding/2025/celebrum-ai/node_modules/.pnpm/@vitest+runner@3.2.4/node_modules/@vitest/runner/dist/chunk-hooks.js:1729:8)
    at runSuite (Users/irfandi/Coding/2025/celebrum-ai/node_modules/.pnpm/@vitest+runner@3.2.4/node_modules/@vitest/runner/dist/chunk-hooks.js:1729:8)
    at runSuite (Users/irfandi/Coding/2025/celebrum-ai/node_modules/.pnpm/@vitest+runner@3.2.4/node_modules/@vitest/runner/dist/chunk-hooks.js:1729:8)

stderr | src/services/src/opportunities/tests/hedge-opportunity-manager.test.ts > HedgeOpportunityManager > Fallback Opportunities > should generate fallback opportunities when API fails
Failed to fetch ADAUSDT from kraken: Error: API Error
    at /Users/irfandi/Coding/2025/celebrum-ai/src/services/src/opportunities/tests/hedge-opportunity-manager.test.ts:632:56
    at Users/irfandi/Coding/2025/celebrum-ai/node_modules/.pnpm/@vitest+runner@3.2.4/node_modules/@vitest/runner/dist/chunk-hooks.js:155:11
    at Users/irfandi/Coding/2025/celebrum-ai/node_modules/.pnpm/@vitest+runner@3.2.4/node_modules/@vitest/runner/dist/chunk-hooks.js:752:26
    at Users/irfandi/Coding/2025/celebrum-ai/node_modules/.pnpm/@vitest+runner@3.2.4/node_modules/@vitest/runner/dist/chunk-hooks.js:1897:20
    at new Promise (<anonymous>)
    at runWithTimeout (Users/irfandi/Coding/2025/celebrum-ai/node_modules/.pnpm/@vitest+runner@3.2.4/node_modules/@vitest/runner/dist/chunk-hooks.js:1863:10)
    at runTest (Users/irfandi/Coding/2025/celebrum-ai/node_modules/.pnpm/@vitest+runner@3.2.4/node_modules/@vitest/runner/dist/chunk-hooks.js:1574:12)
    at runSuite (Users/irfandi/Coding/2025/celebrum-ai/node_modules/.pnpm/@vitest+runner@3.2.4/node_modules/@vitest/runner/dist/chunk-hooks.js:1729:8)
    at runSuite (Users/irfandi/Coding/2025/celebrum-ai/node_modules/.pnpm/@vitest+runner@3.2.4/node_modules/@vitest/runner/dist/chunk-hooks.js:1729:8)
    at runSuite (Users/irfandi/Coding/2025/celebrum-ai/node_modules/.pnpm/@vitest+runner@3.2.4/node_modules/@vitest/runner/dist/chunk-hooks.js:1729:8)

stderr | src/services/src/opportunities/tests/hedge-opportunity-manager.test.ts > HedgeOpportunityManager > Fallback Opportunities > should generate fallback opportunities when API fails
Failed to fetch DOTUSDT from binance: Error: API Error
    at /Users/irfandi/Coding/2025/celebrum-ai/src/services/src/opportunities/tests/hedge-opportunity-manager.test.ts:632:56
    at Users/irfandi/Coding/2025/celebrum-ai/node_modules/.pnpm/@vitest+runner@3.2.4/node_modules/@vitest/runner/dist/chunk-hooks.js:155:11
    at Users/irfandi/Coding/2025/celebrum-ai/node_modules/.pnpm/@vitest+runner@3.2.4/node_modules/@vitest/runner/dist/chunk-hooks.js:752:26
    at Users/irfandi/Coding/2025/celebrum-ai/node_modules/.pnpm/@vitest+runner@3.2.4/node_modules/@vitest/runner/dist/chunk-hooks.js:1897:20
    at new Promise (<anonymous>)
    at runWithTimeout (Users/irfandi/Coding/2025/celebrum-ai/node_modules/.pnpm/@vitest+runner@3.2.4/node_modules/@vitest/runner/dist/chunk-hooks.js:1863:10)
    at runTest (Users/irfandi/Coding/2025/celebrum-ai/node_modules/.pnpm/@vitest+runner@3.2.4/node_modules/@vitest/runner/dist/chunk-hooks.js:1574:12)
    at runSuite (Users/irfandi/Coding/2025/celebrum-ai/node_modules/.pnpm/@vitest+runner@3.2.4/node_modules/@vitest/runner/dist/chunk-hooks.js:1729:8)
    at runSuite (Users/irfandi/Coding/2025/celebrum-ai/node_modules/.pnpm/@vitest+runner@3.2.4/node_modules/@vitest/runner/dist/chunk-hooks.js:1729:8)
    at runSuite (Users/irfandi/Coding/2025/celebrum-ai/node_modules/.pnpm/@vitest+runner@3.2.4/node_modules/@vitest/runner/dist/chunk-hooks.js:1729:8)

stderr | src/services/src/opportunities/tests/hedge-opportunity-manager.test.ts > HedgeOpportunityManager > Fallback Opportunities > should generate fallback opportunities when API fails
Failed to fetch DOTUSDT from coinbase: Error: API Error
    at /Users/irfandi/Coding/2025/celebrum-ai/src/services/src/opportunities/tests/hedge-opportunity-manager.test.ts:632:56
    at Users/irfandi/Coding/2025/celebrum-ai/node_modules/.pnpm/@vitest+runner@3.2.4/node_modules/@vitest/runner/dist/chunk-hooks.js:155:11
    at Users/irfandi/Coding/2025/celebrum-ai/node_modules/.pnpm/@vitest+runner@3.2.4/node_modules/@vitest/runner/dist/chunk-hooks.js:752:26
    at Users/irfandi/Coding/2025/celebrum-ai/node_modules/.pnpm/@vitest+runner@3.2.4/node_modules/@vitest/runner/dist/chunk-hooks.js:1897:20
    at new Promise (<anonymous>)
    at runWithTimeout (Users/irfandi/Coding/2025/celebrum-ai/node_modules/.pnpm/@vitest+runner@3.2.4/node_modules/@vitest/runner/dist/chunk-hooks.js:1863:10)
    at runTest (Users/irfandi/Coding/2025/celebrum-ai/node_modules/.pnpm/@vitest+runner@3.2.4/node_modules/@vitest/runner/dist/chunk-hooks.js:1574:12)
    at runSuite (Users/irfandi/Coding/2025/celebrum-ai/node_modules/.pnpm/@vitest+runner@3.2.4/node_modules/@vitest/runner/dist/chunk-hooks.js:1729:8)
    at runSuite (Users/irfandi/Coding/2025/celebrum-ai/node_modules/.pnpm/@vitest+runner@3.2.4/node_modules/@vitest/runner/dist/chunk-hooks.js:1729:8)
    at runSuite (Users/irfandi/Coding/2025/celebrum-ai/node_modules/.pnpm/@vitest+runner@3.2.4/node_modules/@vitest/runner/dist/chunk-hooks.js:1729:8)

stderr | src/services/src/opportunities/tests/hedge-opportunity-manager.test.ts > HedgeOpportunityManager > Fallback Opportunities > should generate fallback opportunities when API fails
Failed to fetch DOTUSDT from kraken: Error: API Error
    at /Users/irfandi/Coding/2025/celebrum-ai/src/services/src/opportunities/tests/hedge-opportunity-manager.test.ts:632:56
    at Users/irfandi/Coding/2025/celebrum-ai/node_modules/.pnpm/@vitest+runner@3.2.4/node_modules/@vitest/runner/dist/chunk-hooks.js:155:11
    at Users/irfandi/Coding/2025/celebrum-ai/node_modules/.pnpm/@vitest+runner@3.2.4/node_modules/@vitest/runner/dist/chunk-hooks.js:752:26
    at Users/irfandi/Coding/2025/celebrum-ai/node_modules/.pnpm/@vitest+runner@3.2.4/node_modules/@vitest/runner/dist/chunk-hooks.js:1897:20
    at new Promise (<anonymous>)
    at runWithTimeout (Users/irfandi/Coding/2025/celebrum-ai/node_modules/.pnpm/@vitest+runner@3.2.4/node_modules/@vitest/runner/dist/chunk-hooks.js:1863:10)
    at runTest (Users/irfandi/Coding/2025/celebrum-ai/node_modules/.pnpm/@vitest+runner@3.2.4/node_modules/@vitest/runner/dist/chunk-hooks.js:1574:12)
    at runSuite (Users/irfandi/Coding/2025/celebrum-ai/node_modules/.pnpm/@vitest+runner@3.2.4/node_modules/@vitest/runner/dist/chunk-hooks.js:1729:8)
    at runSuite (Users/irfandi/Coding/2025/celebrum-ai/node_modules/.pnpm/@vitest+runner@3.2.4/node_modules/@vitest/runner/dist/chunk-hooks.js:1729:8)
    at runSuite (Users/irfandi/Coding/2025/celebrum-ai/node_modules/.pnpm/@vitest+runner@3.2.4/node_modules/@vitest/runner/dist/chunk-hooks.js:1729:8)

stderr | src/services/src/opportunities/tests/hedge-opportunity-manager.test.ts > HedgeOpportunityManager > Fallback Opportunities > should generate fallback opportunities when API fails
Failed to fetch LINKUSDT from binance: Error: API Error
    at /Users/irfandi/Coding/2025/celebrum-ai/src/services/src/opportunities/tests/hedge-opportunity-manager.test.ts:632:56
    at Users/irfandi/Coding/2025/celebrum-ai/node_modules/.pnpm/@vitest+runner@3.2.4/node_modules/@vitest/runner/dist/chunk-hooks.js:155:11
    at Users/irfandi/Coding/2025/celebrum-ai/node_modules/.pnpm/@vitest+runner@3.2.4/node_modules/@vitest/runner/dist/chunk-hooks.js:752:26
    at Users/irfandi/Coding/2025/celebrum-ai/node_modules/.pnpm/@vitest+runner@3.2.4/node_modules/@vitest/runner/dist/chunk-hooks.js:1897:20
    at new Promise (<anonymous>)
    at runWithTimeout (Users/irfandi/Coding/2025/celebrum-ai/node_modules/.pnpm/@vitest+runner@3.2.4/node_modules/@vitest/runner/dist/chunk-hooks.js:1863:10)
    at runTest (Users/irfandi/Coding/2025/celebrum-ai/node_modules/.pnpm/@vitest+runner@3.2.4/node_modules/@vitest/runner/dist/chunk-hooks.js:1574:12)
    at runSuite (Users/irfandi/Coding/2025/celebrum-ai/node_modules/.pnpm/@vitest+runner@3.2.4/node_modules/@vitest/runner/dist/chunk-hooks.js:1729:8)
    at runSuite (Users/irfandi/Coding/2025/celebrum-ai/node_modules/.pnpm/@vitest+runner@3.2.4/node_modules/@vitest/runner/dist/chunk-hooks.js:1729:8)
    at runSuite (Users/irfandi/Coding/2025/celebrum-ai/node_modules/.pnpm/@vitest+runner@3.2.4/node_modules/@vitest/runner/dist/chunk-hooks.js:1729:8)

stderr | src/services/src/opportunities/tests/hedge-opportunity-manager.test.ts > HedgeOpportunityManager > Fallback Opportunities > should generate fallback opportunities when API fails
Failed to fetch LINKUSDT from coinbase: Error: API Error
    at /Users/irfandi/Coding/2025/celebrum-ai/src/services/src/opportunities/tests/hedge-opportunity-manager.test.ts:632:56
    at Users/irfandi/Coding/2025/celebrum-ai/node_modules/.pnpm/@vitest+runner@3.2.4/node_modules/@vitest/runner/dist/chunk-hooks.js:155:11
    at Users/irfandi/Coding/2025/celebrum-ai/node_modules/.pnpm/@vitest+runner@3.2.4/node_modules/@vitest/runner/dist/chunk-hooks.js:752:26
    at Users/irfandi/Coding/2025/celebrum-ai/node_modules/.pnpm/@vitest+runner@3.2.4/node_modules/@vitest/runner/dist/chunk-hooks.js:1897:20
    at new Promise (<anonymous>)
    at runWithTimeout (Users/irfandi/Coding/2025/celebrum-ai/node_modules/.pnpm/@vitest+runner@3.2.4/node_modules/@vitest/runner/dist/chunk-hooks.js:1863:10)
    at runTest (Users/irfandi/Coding/2025/celebrum-ai/node_modules/.pnpm/@vitest+runner@3.2.4/node_modules/@vitest/runner/dist/chunk-hooks.js:1574:12)
    at runSuite (Users/irfandi/Coding/2025/celebrum-ai/node_modules/.pnpm/@vitest+runner@3.2.4/node_modules/@vitest/runner/dist/chunk-hooks.js:1729:8)
    at runSuite (Users/irfandi/Coding/2025/celebrum-ai/node_modules/.pnpm/@vitest+runner@3.2.4/node_modules/@vitest/runner/dist/chunk-hooks.js:1729:8)
    at runSuite (Users/irfandi/Coding/2025/celebrum-ai/node_modules/.pnpm/@vitest+runner@3.2.4/node_modules/@vitest/runner/dist/chunk-hooks.js:1729:8)

stdout | src/services/src/opportunities/tests/hedge-opportunity-manager.test.ts > HedgeOpportunityManager > Fallback Opportunities > should generate fallback opportunities when API fails
Insufficient market data, using fallback opportunities

stderr | src/services/src/opportunities/tests/hedge-opportunity-manager.test.ts > HedgeOpportunityManager > Fallback Opportunities > should generate fallback opportunities when API fails
Failed to fetch LINKUSDT from kraken: Error: API Error
    at /Users/irfandi/Coding/2025/celebrum-ai/src/services/src/opportunities/tests/hedge-opportunity-manager.test.ts:632:56
    at Users/irfandi/Coding/2025/celebrum-ai/node_modules/.pnpm/@vitest+runner@3.2.4/node_modules/@vitest/runner/dist/chunk-hooks.js:155:11
    at Users/irfandi/Coding/2025/celebrum-ai/node_modules/.pnpm/@vitest+runner@3.2.4/node_modules/@vitest/runner/dist/chunk-hooks.js:752:26
    at Users/irfandi/Coding/2025/celebrum-ai/node_modules/.pnpm/@vitest+runner@3.2.4/node_modules/@vitest/runner/dist/chunk-hooks.js:1897:20
    at new Promise (<anonymous>)
    at runWithTimeout (Users/irfandi/Coding/2025/celebrum-ai/node_modules/.pnpm/@vitest+runner@3.2.4/node_modules/@vitest/runner/dist/chunk-hooks.js:1863:10)
    at runTest (Users/irfandi/Coding/2025/celebrum-ai/node_modules/.pnpm/@vitest+runner@3.2.4/node_modules/@vitest/runner/dist/chunk-hooks.js:1574:12)
    at runSuite (Users/irfandi/Coding/2025/celebrum-ai/node_modules/.pnpm/@vitest+runner@3.2.4/node_modules/@vitest/runner/dist/chunk-hooks.js:1729:8)
    at runSuite (Users/irfandi/Coding/2025/celebrum-ai/node_modules/.pnpm/@vitest+runner@3.2.4/node_modules/@vitest/runner/dist/chunk-hooks.js:1729:8)
    at runSuite (Users/irfandi/Coding/2025/celebrum-ai/node_modules/.pnpm/@vitest+runner@3.2.4/node_modules/@vitest/runner/dist/chunk-hooks.js:1729:8)

stderr | src/services/src/opportunities/tests/hedge-opportunity-manager.test.ts > HedgeOpportunityManager > Fallback Opportunities > should match the image format in fallback opportunities
Failed to fetch BTCUSDT from binance: Error: API Error
    at /Users/irfandi/Coding/2025/celebrum-ai/src/services/src/opportunities/tests/hedge-opportunity-manager.test.ts:647:56
    at Users/irfandi/Coding/2025/celebrum-ai/node_modules/.pnpm/@vitest+runner@3.2.4/node_modules/@vitest/runner/dist/chunk-hooks.js:155:11
    at Users/irfandi/Coding/2025/celebrum-ai/node_modules/.pnpm/@vitest+runner@3.2.4/node_modules/@vitest/runner/dist/chunk-hooks.js:752:26
    at Users/irfandi/Coding/2025/celebrum-ai/node_modules/.pnpm/@vitest+runner@3.2.4/node_modules/@vitest/runner/dist/chunk-hooks.js:1897:20
    at new Promise (<anonymous>)
    at runWithTimeout (Users/irfandi/Coding/2025/celebrum-ai/node_modules/.pnpm/@vitest+runner@3.2.4/node_modules/@vitest/runner/dist/chunk-hooks.js:1863:10)
    at runTest (Users/irfandi/Coding/2025/celebrum-ai/node_modules/.pnpm/@vitest+runner@3.2.4/node_modules/@vitest/runner/dist/chunk-hooks.js:1574:12)
    at runSuite (Users/irfandi/Coding/2025/celebrum-ai/node_modules/.pnpm/@vitest+runner@3.2.4/node_modules/@vitest/runner/dist/chunk-hooks.js:1729:8)
    at runSuite (Users/irfandi/Coding/2025/celebrum-ai/node_modules/.pnpm/@vitest+runner@3.2.4/node_modules/@vitest/runner/dist/chunk-hooks.js:1729:8)
    at runSuite (Users/irfandi/Coding/2025/celebrum-ai/node_modules/.pnpm/@vitest+runner@3.2.4/node_modules/@vitest/runner/dist/chunk-hooks.js:1729:8)

stderr | src/services/src/opportunities/tests/hedge-opportunity-manager.test.ts > HedgeOpportunityManager > Fallback Opportunities > should match the image format in fallback opportunities
Failed to fetch BTCUSDT from coinbase: Error: API Error
    at /Users/irfandi/Coding/2025/celebrum-ai/src/services/src/opportunities/tests/hedge-opportunity-manager.test.ts:647:56
    at Users/irfandi/Coding/2025/celebrum-ai/node_modules/.pnpm/@vitest+runner@3.2.4/node_modules/@vitest/runner/dist/chunk-hooks.js:155:11
    at Users/irfandi/Coding/2025/celebrum-ai/node_modules/.pnpm/@vitest+runner@3.2.4/node_modules/@vitest/runner/dist/chunk-hooks.js:752:26
    at Users/irfandi/Coding/2025/celebrum-ai/node_modules/.pnpm/@vitest+runner@3.2.4/node_modules/@vitest/runner/dist/chunk-hooks.js:1897:20
    at new Promise (<anonymous>)
    at runWithTimeout (Users/irfandi/Coding/2025/celebrum-ai/node_modules/.pnpm/@vitest+runner@3.2.4/node_modules/@vitest/runner/dist/chunk-hooks.js:1863:10)
    at runTest (Users/irfandi/Coding/2025/celebrum-ai/node_modules/.pnpm/@vitest+runner@3.2.4/node_modules/@vitest/runner/dist/chunk-hooks.js:1574:12)
    at runSuite (Users/irfandi/Coding/2025/celebrum-ai/node_modules/.pnpm/@vitest+runner@3.2.4/node_modules/@vitest/runner/dist/chunk-hooks.js:1729:8)
    at runSuite (Users/irfandi/Coding/2025/celebrum-ai/node_modules/.pnpm/@vitest+runner@3.2.4/node_modules/@vitest/runner/dist/chunk-hooks.js:1729:8)
    at runSuite (Users/irfandi/Coding/2025/celebrum-ai/node_modules/.pnpm/@vitest+runner@3.2.4/node_modules/@vitest/runner/dist/chunk-hooks.js:1729:8)

stderr | src/services/src/opportunities/tests/hedge-opportunity-manager.test.ts > HedgeOpportunityManager > Fallback Opportunities > should match the image format in fallback opportunities
Failed to fetch BTCUSDT from kraken: Error: API Error
    at /Users/irfandi/Coding/2025/celebrum-ai/src/services/src/opportunities/tests/hedge-opportunity-manager.test.ts:647:56
    at Users/irfandi/Coding/2025/celebrum-ai/node_modules/.pnpm/@vitest+runner@3.2.4/node_modules/@vitest/runner/dist/chunk-hooks.js:155:11
    at Users/irfandi/Coding/2025/celebrum-ai/node_modules/.pnpm/@vitest+runner@3.2.4/node_modules/@vitest/runner/dist/chunk-hooks.js:752:26
    at Users/irfandi/Coding/2025/celebrum-ai/node_modules/.pnpm/@vitest+runner@3.2.4/node_modules/@vitest/runner/dist/chunk-hooks.js:1897:20
    at new Promise (<anonymous>)
    at runWithTimeout (Users/irfandi/Coding/2025/celebrum-ai/node_modules/.pnpm/@vitest+runner@3.2.4/node_modules/@vitest/runner/dist/chunk-hooks.js:1863:10)
    at runTest (Users/irfandi/Coding/2025/celebrum-ai/node_modules/.pnpm/@vitest+runner@3.2.4/node_modules/@vitest/runner/dist/chunk-hooks.js:1574:12)
    at runSuite (Users/irfandi/Coding/2025/celebrum-ai/node_modules/.pnpm/@vitest+runner@3.2.4/node_modules/@vitest/runner/dist/chunk-hooks.js:1729:8)
    at runSuite (Users/irfandi/Coding/2025/celebrum-ai/node_modules/.pnpm/@vitest+runner@3.2.4/node_modules/@vitest/runner/dist/chunk-hooks.js:1729:8)
    at runSuite (Users/irfandi/Coding/2025/celebrum-ai/node_modules/.pnpm/@vitest+runner@3.2.4/node_modules/@vitest/runner/dist/chunk-hooks.js:1729:8)

stderr | src/services/src/opportunities/tests/hedge-opportunity-manager.test.ts > HedgeOpportunityManager > Fallback Opportunities > should match the image format in fallback opportunities
Failed to fetch ETHUSDT from binance: Error: API Error
    at /Users/irfandi/Coding/2025/celebrum-ai/src/services/src/opportunities/tests/hedge-opportunity-manager.test.ts:647:56
    at Users/irfandi/Coding/2025/celebrum-ai/node_modules/.pnpm/@vitest+runner@3.2.4/node_modules/@vitest/runner/dist/chunk-hooks.js:155:11
    at Users/irfandi/Coding/2025/celebrum-ai/node_modules/.pnpm/@vitest+runner@3.2.4/node_modules/@vitest/runner/dist/chunk-hooks.js:752:26
    at Users/irfandi/Coding/2025/celebrum-ai/node_modules/.pnpm/@vitest+runner@3.2.4/node_modules/@vitest/runner/dist/chunk-hooks.js:1897:20
    at new Promise (<anonymous>)
    at runWithTimeout (Users/irfandi/Coding/2025/celebrum-ai/node_modules/.pnpm/@vitest+runner@3.2.4/node_modules/@vitest/runner/dist/chunk-hooks.js:1863:10)
    at runTest (Users/irfandi/Coding/2025/celebrum-ai/node_modules/.pnpm/@vitest+runner@3.2.4/node_modules/@vitest/runner/dist/chunk-hooks.js:1574:12)
    at runSuite (Users/irfandi/Coding/2025/celebrum-ai/node_modules/.pnpm/@vitest+runner@3.2.4/node_modules/@vitest/runner/dist/chunk-hooks.js:1729:8)
    at runSuite (Users/irfandi/Coding/2025/celebrum-ai/node_modules/.pnpm/@vitest+runner@3.2.4/node_modules/@vitest/runner/dist/chunk-hooks.js:1729:8)
    at runSuite (Users/irfandi/Coding/2025/celebrum-ai/node_modules/.pnpm/@vitest+runner@3.2.4/node_modules/@vitest/runner/dist/chunk-hooks.js:1729:8)

stderr | src/services/src/opportunities/tests/hedge-opportunity-manager.test.ts > HedgeOpportunityManager > Fallback Opportunities > should match the image format in fallback opportunities
Failed to fetch ETHUSDT from coinbase: Error: API Error
    at /Users/irfandi/Coding/2025/celebrum-ai/src/services/src/opportunities/tests/hedge-opportunity-manager.test.ts:647:56
    at Users/irfandi/Coding/2025/celebrum-ai/node_modules/.pnpm/@vitest+runner@3.2.4/node_modules/@vitest/runner/dist/chunk-hooks.js:155:11
    at Users/irfandi/Coding/2025/celebrum-ai/node_modules/.pnpm/@vitest+runner@3.2.4/node_modules/@vitest/runner/dist/chunk-hooks.js:752:26
    at Users/irfandi/Coding/2025/celebrum-ai/node_modules/.pnpm/@vitest+runner@3.2.4/node_modules/@vitest/runner/dist/chunk-hooks.js:1897:20
    at new Promise (<anonymous>)
    at runWithTimeout (Users/irfandi/Coding/2025/celebrum-ai/node_modules/.pnpm/@vitest+runner@3.2.4/node_modules/@vitest/runner/dist/chunk-hooks.js:1863:10)
    at runTest (Users/irfandi/Coding/2025/celebrum-ai/node_modules/.pnpm/@vitest+runner@3.2.4/node_modules/@vitest/runner/dist/chunk-hooks.js:1574:12)
    at runSuite (Users/irfandi/Coding/2025/celebrum-ai/node_modules/.pnpm/@vitest+runner@3.2.4/node_modules/@vitest/runner/dist/chunk-hooks.js:1729:8)
    at runSuite (Users/irfandi/Coding/2025/celebrum-ai/node_modules/.pnpm/@vitest+runner@3.2.4/node_modules/@vitest/runner/dist/chunk-hooks.js:1729:8)
    at runSuite (Users/irfandi/Coding/2025/celebrum-ai/node_modules/.pnpm/@vitest+runner@3.2.4/node_modules/@vitest/runner/dist/chunk-hooks.js:1729:8)

stderr | src/services/src/opportunities/tests/hedge-opportunity-manager.test.ts > HedgeOpportunityManager > Fallback Opportunities > should match the image format in fallback opportunities
Failed to fetch ETHUSDT from kraken: Error: API Error
    at /Users/irfandi/Coding/2025/celebrum-ai/src/services/src/opportunities/tests/hedge-opportunity-manager.test.ts:647:56
    at Users/irfandi/Coding/2025/celebrum-ai/node_modules/.pnpm/@vitest+runner@3.2.4/node_modules/@vitest/runner/dist/chunk-hooks.js:155:11
    at Users/irfandi/Coding/2025/celebrum-ai/node_modules/.pnpm/@vitest+runner@3.2.4/node_modules/@vitest/runner/dist/chunk-hooks.js:752:26
    at Users/irfandi/Coding/2025/celebrum-ai/node_modules/.pnpm/@vitest+runner@3.2.4/node_modules/@vitest/runner/dist/chunk-hooks.js:1897:20
    at new Promise (<anonymous>)
    at runWithTimeout (Users/irfandi/Coding/2025/celebrum-ai/node_modules/.pnpm/@vitest+runner@3.2.4/node_modules/@vitest/runner/dist/chunk-hooks.js:1863:10)
    at runTest (Users/irfandi/Coding/2025/celebrum-ai/node_modules/.pnpm/@vitest+runner@3.2.4/node_modules/@vitest/runner/dist/chunk-hooks.js:1574:12)
    at runSuite (Users/irfandi/Coding/2025/celebrum-ai/node_modules/.pnpm/@vitest+runner@3.2.4/node_modules/@vitest/runner/dist/chunk-hooks.js:1729:8)
    at runSuite (Users/irfandi/Coding/2025/celebrum-ai/node_modules/.pnpm/@vitest+runner@3.2.4/node_modules/@vitest/runner/dist/chunk-hooks.js:1729:8)
    at runSuite (Users/irfandi/Coding/2025/celebrum-ai/node_modules/.pnpm/@vitest+runner@3.2.4/node_modules/@vitest/runner/dist/chunk-hooks.js:1729:8)

stderr | src/services/src/opportunities/tests/hedge-opportunity-manager.test.ts > HedgeOpportunityManager > Fallback Opportunities > should match the image format in fallback opportunities
Failed to fetch ADAUSDT from binance: Error: API Error
    at /Users/irfandi/Coding/2025/celebrum-ai/src/services/src/opportunities/tests/hedge-opportunity-manager.test.ts:647:56
    at Users/irfandi/Coding/2025/celebrum-ai/node_modules/.pnpm/@vitest+runner@3.2.4/node_modules/@vitest/runner/dist/chunk-hooks.js:155:11
    at Users/irfandi/Coding/2025/celebrum-ai/node_modules/.pnpm/@vitest+runner@3.2.4/node_modules/@vitest/runner/dist/chunk-hooks.js:752:26
    at Users/irfandi/Coding/2025/celebrum-ai/node_modules/.pnpm/@vitest+runner@3.2.4/node_modules/@vitest/runner/dist/chunk-hooks.js:1897:20
    at new Promise (<anonymous>)
    at runWithTimeout (Users/irfandi/Coding/2025/celebrum-ai/node_modules/.pnpm/@vitest+runner@3.2.4/node_modules/@vitest/runner/dist/chunk-hooks.js:1863:10)
    at runTest (Users/irfandi/Coding/2025/celebrum-ai/node_modules/.pnpm/@vitest+runner@3.2.4/node_modules/@vitest/runner/dist/chunk-hooks.js:1574:12)
    at runSuite (Users/irfandi/Coding/2025/celebrum-ai/node_modules/.pnpm/@vitest+runner@3.2.4/node_modules/@vitest/runner/dist/chunk-hooks.js:1729:8)
    at runSuite (Users/irfandi/Coding/2025/celebrum-ai/node_modules/.pnpm/@vitest+runner@3.2.4/node_modules/@vitest/runner/dist/chunk-hooks.js:1729:8)
    at runSuite (Users/irfandi/Coding/2025/celebrum-ai/node_modules/.pnpm/@vitest+runner@3.2.4/node_modules/@vitest/runner/dist/chunk-hooks.js:1729:8)

stderr | src/services/src/opportunities/tests/hedge-opportunity-manager.test.ts > HedgeOpportunityManager > Fallback Opportunities > should match the image format in fallback opportunities
Failed to fetch ADAUSDT from coinbase: Error: API Error
    at /Users/irfandi/Coding/2025/celebrum-ai/src/services/src/opportunities/tests/hedge-opportunity-manager.test.ts:647:56
    at Users/irfandi/Coding/2025/celebrum-ai/node_modules/.pnpm/@vitest+runner@3.2.4/node_modules/@vitest/runner/dist/chunk-hooks.js:155:11
    at Users/irfandi/Coding/2025/celebrum-ai/node_modules/.pnpm/@vitest+runner@3.2.4/node_modules/@vitest/runner/dist/chunk-hooks.js:752:26
    at Users/irfandi/Coding/2025/celebrum-ai/node_modules/.pnpm/@vitest+runner@3.2.4/node_modules/@vitest/runner/dist/chunk-hooks.js:1897:20
    at new Promise (<anonymous>)
    at runWithTimeout (Users/irfandi/Coding/2025/celebrum-ai/node_modules/.pnpm/@vitest+runner@3.2.4/node_modules/@vitest/runner/dist/chunk-hooks.js:1863:10)
    at runTest (Users/irfandi/Coding/2025/celebrum-ai/node_modules/.pnpm/@vitest+runner@3.2.4/node_modules/@vitest/runner/dist/chunk-hooks.js:1574:12)
    at runSuite (Users/irfandi/Coding/2025/celebrum-ai/node_modules/.pnpm/@vitest+runner@3.2.4/node_modules/@vitest/runner/dist/chunk-hooks.js:1729:8)
    at runSuite (Users/irfandi/Coding/2025/celebrum-ai/node_modules/.pnpm/@vitest+runner@3.2.4/node_modules/@vitest/runner/dist/chunk-hooks.js:1729:8)
    at runSuite (Users/irfandi/Coding/2025/celebrum-ai/node_modules/.pnpm/@vitest+runner@3.2.4/node_modules/@vitest/runner/dist/chunk-hooks.js:1729:8)

stderr | src/services/src/opportunities/tests/hedge-opportunity-manager.test.ts > HedgeOpportunityManager > Fallback Opportunities > should match the image format in fallback opportunities
Failed to fetch ADAUSDT from kraken: Error: API Error
    at /Users/irfandi/Coding/2025/celebrum-ai/src/services/src/opportunities/tests/hedge-opportunity-manager.test.ts:647:56
    at Users/irfandi/Coding/2025/celebrum-ai/node_modules/.pnpm/@vitest+runner@3.2.4/node_modules/@vitest/runner/dist/chunk-hooks.js:155:11
    at Users/irfandi/Coding/2025/celebrum-ai/node_modules/.pnpm/@vitest+runner@3.2.4/node_modules/@vitest/runner/dist/chunk-hooks.js:752:26
    at Users/irfandi/Coding/2025/celebrum-ai/node_modules/.pnpm/@vitest+runner@3.2.4/node_modules/@vitest/runner/dist/chunk-hooks.js:1897:20
    at new Promise (<anonymous>)
    at runWithTimeout (Users/irfandi/Coding/2025/celebrum-ai/node_modules/.pnpm/@vitest+runner@3.2.4/node_modules/@vitest/runner/dist/chunk-hooks.js:1863:10)
    at runTest (Users/irfandi/Coding/2025/celebrum-ai/node_modules/.pnpm/@vitest+runner@3.2.4/node_modules/@vitest/runner/dist/chunk-hooks.js:1574:12)
    at runSuite (Users/irfandi/Coding/2025/celebrum-ai/node_modules/.pnpm/@vitest+runner@3.2.4/node_modules/@vitest/runner/dist/chunk-hooks.js:1729:8)
    at runSuite (Users/irfandi/Coding/2025/celebrum-ai/node_modules/.pnpm/@vitest+runner@3.2.4/node_modules/@vitest/runner/dist/chunk-hooks.js:1729:8)
    at runSuite (Users/irfandi/Coding/2025/celebrum-ai/node_modules/.pnpm/@vitest+runner@3.2.4/node_modules/@vitest/runner/dist/chunk-hooks.js:1729:8)

stderr | src/services/src/opportunities/tests/hedge-opportunity-manager.test.ts > HedgeOpportunityManager > Fallback Opportunities > should match the image format in fallback opportunities
Failed to fetch DOTUSDT from binance: Error: API Error
    at /Users/irfandi/Coding/2025/celebrum-ai/src/services/src/opportunities/tests/hedge-opportunity-manager.test.ts:647:56
    at Users/irfandi/Coding/2025/celebrum-ai/node_modules/.pnpm/@vitest+runner@3.2.4/node_modules/@vitest/runner/dist/chunk-hooks.js:155:11
    at Users/irfandi/Coding/2025/celebrum-ai/node_modules/.pnpm/@vitest+runner@3.2.4/node_modules/@vitest/runner/dist/chunk-hooks.js:752:26
    at Users/irfandi/Coding/2025/celebrum-ai/node_modules/.pnpm/@vitest+runner@3.2.4/node_modules/@vitest/runner/dist/chunk-hooks.js:1897:20
    at new Promise (<anonymous>)
    at runWithTimeout (Users/irfandi/Coding/2025/celebrum-ai/node_modules/.pnpm/@vitest+runner@3.2.4/node_modules/@vitest/runner/dist/chunk-hooks.js:1863:10)
    at runTest (Users/irfandi/Coding/2025/celebrum-ai/node_modules/.pnpm/@vitest+runner@3.2.4/node_modules/@vitest/runner/dist/chunk-hooks.js:1574:12)
    at runSuite (Users/irfandi/Coding/2025/celebrum-ai/node_modules/.pnpm/@vitest+runner@3.2.4/node_modules/@vitest/runner/dist/chunk-hooks.js:1729:8)
    at runSuite (Users/irfandi/Coding/2025/celebrum-ai/node_modules/.pnpm/@vitest+runner@3.2.4/node_modules/@vitest/runner/dist/chunk-hooks.js:1729:8)
    at runSuite (Users/irfandi/Coding/2025/celebrum-ai/node_modules/.pnpm/@vitest+runner@3.2.4/node_modules/@vitest/runner/dist/chunk-hooks.js:1729:8)

stderr | src/services/src/opportunities/tests/hedge-opportunity-manager.test.ts > HedgeOpportunityManager > Fallback Opportunities > should match the image format in fallback opportunities
Failed to fetch DOTUSDT from coinbase: Error: API Error
    at /Users/irfandi/Coding/2025/celebrum-ai/src/services/src/opportunities/tests/hedge-opportunity-manager.test.ts:647:56
    at Users/irfandi/Coding/2025/celebrum-ai/node_modules/.pnpm/@vitest+runner@3.2.4/node_modules/@vitest/runner/dist/chunk-hooks.js:155:11
    at Users/irfandi/Coding/2025/celebrum-ai/node_modules/.pnpm/@vitest+runner@3.2.4/node_modules/@vitest/runner/dist/chunk-hooks.js:752:26
    at Users/irfandi/Coding/2025/celebrum-ai/node_modules/.pnpm/@vitest+runner@3.2.4/node_modules/@vitest/runner/dist/chunk-hooks.js:1897:20
    at new Promise (<anonymous>)
    at runWithTimeout (Users/irfandi/Coding/2025/celebrum-ai/node_modules/.pnpm/@vitest+runner@3.2.4/node_modules/@vitest/runner/dist/chunk-hooks.js:1863:10)
    at runTest (Users/irfandi/Coding/2025/celebrum-ai/node_modules/.pnpm/@vitest+runner@3.2.4/node_modules/@vitest/runner/dist/chunk-hooks.js:1574:12)
    at runSuite (Users/irfandi/Coding/2025/celebrum-ai/node_modules/.pnpm/@vitest+runner@3.2.4/node_modules/@vitest/runner/dist/chunk-hooks.js:1729:8)
    at runSuite (Users/irfandi/Coding/2025/celebrum-ai/node_modules/.pnpm/@vitest+runner@3.2.4/node_modules/@vitest/runner/dist/chunk-hooks.js:1729:8)
    at runSuite (Users/irfandi/Coding/2025/celebrum-ai/node_modules/.pnpm/@vitest+runner@3.2.4/node_modules/@vitest/runner/dist/chunk-hooks.js:1729:8)

stderr | src/services/src/opportunities/tests/hedge-opportunity-manager.test.ts > HedgeOpportunityManager > Fallback Opportunities > should match the image format in fallback opportunities
Failed to fetch DOTUSDT from kraken: Error: API Error
    at /Users/irfandi/Coding/2025/celebrum-ai/src/services/src/opportunities/tests/hedge-opportunity-manager.test.ts:647:56
    at Users/irfandi/Coding/2025/celebrum-ai/node_modules/.pnpm/@vitest+runner@3.2.4/node_modules/@vitest/runner/dist/chunk-hooks.js:155:11
    at Users/irfandi/Coding/2025/celebrum-ai/node_modules/.pnpm/@vitest+runner@3.2.4/node_modules/@vitest/runner/dist/chunk-hooks.js:752:26
    at Users/irfandi/Coding/2025/celebrum-ai/node_modules/.pnpm/@vitest+runner@3.2.4/node_modules/@vitest/runner/dist/chunk-hooks.js:1897:20
    at new Promise (<anonymous>)
    at runWithTimeout (Users/irfandi/Coding/2025/celebrum-ai/node_modules/.pnpm/@vitest+runner@3.2.4/node_modules/@vitest/runner/dist/chunk-hooks.js:1863:10)
    at runTest (Users/irfandi/Coding/2025/celebrum-ai/node_modules/.pnpm/@vitest+runner@3.2.4/node_modules/@vitest/runner/dist/chunk-hooks.js:1574:12)
    at runSuite (Users/irfandi/Coding/2025/celebrum-ai/node_modules/.pnpm/@vitest+runner@3.2.4/node_modules/@vitest/runner/dist/chunk-hooks.js:1729:8)
    at runSuite (Users/irfandi/Coding/2025/celebrum-ai/node_modules/.pnpm/@vitest+runner@3.2.4/node_modules/@vitest/runner/dist/chunk-hooks.js:1729:8)
    at runSuite (Users/irfandi/Coding/2025/celebrum-ai/node_modules/.pnpm/@vitest+runner@3.2.4/node_modules/@vitest/runner/dist/chunk-hooks.js:1729:8)

stderr | src/services/src/opportunities/tests/hedge-opportunity-manager.test.ts > HedgeOpportunityManager > Fallback Opportunities > should match the image format in fallback opportunities
Failed to fetch LINKUSDT from binance: Error: API Error
    at /Users/irfandi/Coding/2025/celebrum-ai/src/services/src/opportunities/tests/hedge-opportunity-manager.test.ts:647:56
    at Users/irfandi/Coding/2025/celebrum-ai/node_modules/.pnpm/@vitest+runner@3.2.4/node_modules/@vitest/runner/dist/chunk-hooks.js:155:11
    at Users/irfandi/Coding/2025/celebrum-ai/node_modules/.pnpm/@vitest+runner@3.2.4/node_modules/@vitest/runner/dist/chunk-hooks.js:752:26
    at Users/irfandi/Coding/2025/celebrum-ai/node_modules/.pnpm/@vitest+runner@3.2.4/node_modules/@vitest/runner/dist/chunk-hooks.js:1897:20
    at new Promise (<anonymous>)
    at runWithTimeout (Users/irfandi/Coding/2025/celebrum-ai/node_modules/.pnpm/@vitest+runner@3.2.4/node_modules/@vitest/runner/dist/chunk-hooks.js:1863:10)
    at runTest (Users/irfandi/Coding/2025/celebrum-ai/node_modules/.pnpm/@vitest+runner@3.2.4/node_modules/@vitest/runner/dist/chunk-hooks.js:1574:12)
    at runSuite (Users/irfandi/Coding/2025/celebrum-ai/node_modules/.pnpm/@vitest+runner@3.2.4/node_modules/@vitest/runner/dist/chunk-hooks.js:1729:8)
    at runSuite (Users/irfandi/Coding/2025/celebrum-ai/node_modules/.pnpm/@vitest+runner@3.2.4/node_modules/@vitest/runner/dist/chunk-hooks.js:1729:8)
    at runSuite (Users/irfandi/Coding/2025/celebrum-ai/node_modules/.pnpm/@vitest+runner@3.2.4/node_modules/@vitest/runner/dist/chunk-hooks.js:1729:8)

stderr | src/services/src/opportunities/tests/hedge-opportunity-manager.test.ts > HedgeOpportunityManager > Fallback Opportunities > should match the image format in fallback opportunities
Failed to fetch LINKUSDT from coinbase: Error: API Error
    at /Users/irfandi/Coding/2025/celebrum-ai/src/services/src/opportunities/tests/hedge-opportunity-manager.test.ts:647:56
    at Users/irfandi/Coding/2025/celebrum-ai/node_modules/.pnpm/@vitest+runner@3.2.4/node_modules/@vitest/runner/dist/chunk-hooks.js:155:11
    at Users/irfandi/Coding/2025/celebrum-ai/node_modules/.pnpm/@vitest+runner@3.2.4/node_modules/@vitest/runner/dist/chunk-hooks.js:752:26
    at Users/irfandi/Coding/2025/celebrum-ai/node_modules/.pnpm/@vitest+runner@3.2.4/node_modules/@vitest/runner/dist/chunk-hooks.js:1897:20
    at new Promise (<anonymous>)
    at runWithTimeout (Users/irfandi/Coding/2025/celebrum-ai/node_modules/.pnpm/@vitest+runner@3.2.4/node_modules/@vitest/runner/dist/chunk-hooks.js:1863:10)
    at runTest (Users/irfandi/Coding/2025/celebrum-ai/node_modules/.pnpm/@vitest+runner@3.2.4/node_modules/@vitest/runner/dist/chunk-hooks.js:1574:12)
    at runSuite (Users/irfandi/Coding/2025/celebrum-ai/node_modules/.pnpm/@vitest+runner@3.2.4/node_modules/@vitest/runner/dist/chunk-hooks.js:1729:8)
    at runSuite (Users/irfandi/Coding/2025/celebrum-ai/node_modules/.pnpm/@vitest+runner@3.2.4/node_modules/@vitest/runner/dist/chunk-hooks.js:1729:8)
    at runSuite (Users/irfandi/Coding/2025/celebrum-ai/node_modules/.pnpm/@vitest+runner@3.2.4/node_modules/@vitest/runner/dist/chunk-hooks.js:1729:8)

stdout | src/services/src/opportunities/tests/hedge-opportunity-manager.test.ts > HedgeOpportunityManager > Fallback Opportunities > should match the image format in fallback opportunities
Insufficient market data, using fallback opportunities

stderr | src/services/src/opportunities/tests/hedge-opportunity-manager.test.ts > HedgeOpportunityManager > Fallback Opportunities > should match the image format in fallback opportunities
Failed to fetch LINKUSDT from kraken: Error: API Error
    at /Users/irfandi/Coding/2025/celebrum-ai/src/services/src/opportunities/tests/hedge-opportunity-manager.test.ts:647:56
    at Users/irfandi/Coding/2025/celebrum-ai/node_modules/.pnpm/@vitest+runner@3.2.4/node_modules/@vitest/runner/dist/chunk-hooks.js:155:11
    at Users/irfandi/Coding/2025/celebrum-ai/node_modules/.pnpm/@vitest+runner@3.2.4/node_modules/@vitest/runner/dist/chunk-hooks.js:752:26
    at Users/irfandi/Coding/2025/celebrum-ai/node_modules/.pnpm/@vitest+runner@3.2.4/node_modules/@vitest/runner/dist/chunk-hooks.js:1897:20
    at new Promise (<anonymous>)
    at runWithTimeout (Users/irfandi/Coding/2025/celebrum-ai/node_modules/.pnpm/@vitest+runner@3.2.4/node_modules/@vitest/runner/dist/chunk-hooks.js:1863:10)
    at runTest (Users/irfandi/Coding/2025/celebrum-ai/node_modules/.pnpm/@vitest+runner@3.2.4/node_modules/@vitest/runner/dist/chunk-hooks.js:1574:12)
    at runSuite (Users/irfandi/Coding/2025/celebrum-ai/node_modules/.pnpm/@vitest+runner@3.2.4/node_modules/@vitest/runner/dist/chunk-hooks.js:1729:8)
    at runSuite (Users/irfandi/Coding/2025/celebrum-ai/node_modules/.pnpm/@vitest+runner@3.2.4/node_modules/@vitest/runner/dist/chunk-hooks.js:1729:8)
    at runSuite (Users/irfandi/Coding/2025/celebrum-ai/node_modules/.pnpm/@vitest+runner@3.2.4/node_modules/@vitest/runner/dist/chunk-hooks.js:1729:8)

stdout | src/services/src/opportunities/tests/hedge-opportunity-manager.test.ts > HedgeOpportunityManager > Error Handling > should handle missing opportunities gracefully
Insufficient market data, using fallback opportunities

 ✓ src/services/src/opportunities/tests/hedge-opportunity-manager.test.ts > HedgeOpportunityManager > Fallback Opportunities > should generate fallback opportunities when API fails 34ms
 ✓ src/services/src/opportunities/tests/hedge-opportunity-manager.test.ts > HedgeOpportunityManager > Fallback Opportunities > should match the image format in fallback opportunities 16ms
 ✓ src/services/src/opportunities/tests/hedge-opportunity-manager.test.ts > HedgeOpportunityManager > Error Handling > should handle missing opportunities gracefully 14ms
 ✓ src/services/src/opportunities/tests/hedge-opportunity-manager.test.ts > HedgeOpportunityManager > Error Handling > should handle execution errors gracefully 15ms

⎯⎯⎯⎯⎯⎯⎯ Failed Tests 8 ⎯⎯⎯⎯⎯⎯⎯

 FAIL  src/services/src/opportunities/tests/hedge-opportunity-manager.test.ts > HedgeOpportunityManager > Hedge Opportunity Generation > should generate hedge opportunities from market data with proper format
AssertionError: expected 0 to be greater than 0
 ❯ src/services/src/opportunities/tests/hedge-opportunity-manager.test.ts:199:36
    197|       const opportunities = await opportunityManager.getHedgeOpportuni…
    198|       
    199|       expect(opportunities.length).toBeGreaterThan(0);
       |                                    ^
    200|       
    201|       const opportunity = opportunities[0];

⎯⎯⎯⎯⎯⎯⎯⎯⎯⎯⎯⎯⎯⎯⎯⎯⎯⎯⎯⎯⎯⎯⎯⎯[1/8]⎯

 FAIL  src/services/src/opportunities/tests/hedge-opportunity-manager.test.ts > HedgeOpportunityManager > Hedge Opportunity Generation > should calculate expected APR correctly
AssertionError: expected 0 to be greater than 0
 ❯ src/services/src/opportunities/tests/hedge-opportunity-manager.test.ts:248:36
    246|       const opportunities = await opportunityManager.getHedgeOpportuni…
    247|       
    248|       expect(opportunities.length).toBeGreaterThan(0);
       |                                    ^
    249|       
    250|       const opportunity = opportunities[0];

⎯⎯⎯⎯⎯⎯⎯⎯⎯⎯⎯⎯⎯⎯⎯⎯⎯⎯⎯⎯⎯⎯⎯⎯[2/8]⎯

 FAIL  src/services/src/opportunities/tests/hedge-opportunity-manager.test.ts > HedgeOpportunityManager > Hedge Opportunity Generation > should assess risk levels correctly
AssertionError: expected 0 to be greater than 0
 ❯ src/services/src/opportunities/tests/hedge-opportunity-manager.test.ts:287:36
    285|       const opportunities = await opportunityManager.getHedgeOpportuni…
    286|       
    287|       expect(opportunities.length).toBeGreaterThan(0);
       |                                    ^
    288|       
    289|       const opportunity = opportunities[0];

⎯⎯⎯⎯⎯⎯⎯⎯⎯⎯⎯⎯⎯⎯⎯⎯⎯⎯⎯⎯⎯⎯⎯⎯[3/8]⎯

 FAIL  src/services/src/opportunities/tests/hedge-opportunity-manager.test.ts > HedgeOpportunityManager > Hedge Opportunity Generation > should sort opportunities by expected APR descending
AssertionError: expected 0 to be greater than 0
 ❯ src/services/src/opportunities/tests/hedge-opportunity-manager.test.ts:331:36
    329|       const opportunities = await opportunityManager.getHedgeOpportuni…
    330|       
    331|       expect(opportunities.length).toBeGreaterThan(0);
       |                                    ^
    332|       
    333|       // Check if sorted by expected APR descending

⎯⎯⎯⎯⎯⎯⎯⎯⎯⎯⎯⎯⎯⎯⎯⎯⎯⎯⎯⎯⎯⎯⎯⎯[4/8]⎯

 FAIL  src/services/src/opportunities/tests/hedge-opportunity-manager.test.ts > HedgeOpportunityManager > Caching > should cache opportunities and serve from cache when available
AssertionError: expected [] to deeply equal [ { id: 'cached_hedge_1', …(11) } ]

- Expected
+ Received

- [
-   {
-     "confidence_score": 0.85,
-     "created_at": "2025-07-10T15:24:25.967Z",
-     "execution_time_estimate": 30,
-     "expected_apr": 182.5,
-     "expires_at": "2025-07-10T15:29:25.967Z",
-     "id": "cached_hedge_1",
-     "positions_opened": {
-       "long": {
-         "amount": 50,
-         "exchange": "BINANCE",
-         "price": 45000,
-       },
-       "short": {
-         "amount": 50,
-         "exchange": "COINBASE",
-         "price": 45225,
-       },
-     },
-     "profit_percentage": 0.5,
-     "risk_level": "medium",
-     "status": "pending",
-     "symbol": "BTCUSDT",
-     "type": "hedge",
-   },
- ]
+ []

 ❯ src/services/src/opportunities/tests/hedge-opportunity-manager.test.ts:485:29
    483|       const opportunities = await opportunityManager.getHedgeOpportuni…
    484|       
    485|       expect(opportunities).toEqual(cachedOpportunities);
       |                             ^
    486|       expect(mockEnv.CELEBRUM_KV.get).toHaveBeenCalledWith('hedge_oppo…
    487|     });

⎯⎯⎯⎯⎯⎯⎯⎯⎯⎯⎯⎯⎯⎯⎯⎯⎯⎯⎯⎯⎯⎯⎯⎯[5/8]⎯

 FAIL  src/services/src/opportunities/tests/hedge-opportunity-manager.test.ts > HedgeOpportunityManager > Caching > should generate fresh opportunities when cache is expired
AssertionError: expected 0 to be greater than 0
 ❯ src/services/src/opportunities/tests/hedge-opportunity-manager.test.ts:527:36
    525|       const opportunities = await opportunityManager.getHedgeOpportuni…
    526|       
    527|       expect(opportunities.length).toBeGreaterThan(0);
       |                                    ^
    528|       expect(mockEnv.CELEBRUM_KV.put).toHaveBeenCalled();
    529|     });

⎯⎯⎯⎯⎯⎯⎯⎯⎯⎯⎯⎯⎯⎯⎯⎯⎯⎯⎯⎯⎯⎯⎯⎯[6/8]⎯

 FAIL  src/services/src/opportunities/tests/hedge-opportunity-manager.test.ts > HedgeOpportunityManager > Hedge Execution > should execute hedge opportunity successfully
AssertionError: expected 0 to be greater than 0
 ❯ src/services/src/opportunities/tests/hedge-opportunity-manager.test.ts:564:36
    562|       
    563|       const opportunities = await opportunityManager.getHedgeOpportuni…
    564|       expect(opportunities.length).toBeGreaterThan(0);
       |                                    ^
    565|       
    566|       const validOpportunityId = opportunities[0].id;

⎯⎯⎯⎯⎯⎯⎯⎯⎯⎯⎯⎯⎯⎯⎯⎯⎯⎯⎯⎯⎯⎯⎯⎯[7/8]⎯

 FAIL  src/services/src/opportunities/tests/hedge-opportunity-manager.test.ts > HedgeOpportunityManager > Hedge Execution > should validate position size limits
AssertionError: expected 0 to be greater than 0
 ❯ src/services/src/opportunities/tests/hedge-opportunity-manager.test.ts:612:36
    610|       
    611|       const opportunities = await opportunityManager.getHedgeOpportuni…
    612|       expect(opportunities.length).toBeGreaterThan(0);
       |                                    ^
    613|       
    614|       const validOpportunityId = opportunities[0].id;

⎯⎯⎯⎯⎯⎯⎯⎯⎯⎯⎯⎯⎯⎯⎯⎯⎯⎯⎯⎯⎯⎯⎯⎯[8/8]⎯


 Test Files  1 failed (1)
      Tests  8 failed | 9 passed (17)
   Start at  22:24:18
   Duration  7.71s (transform 558ms, setup 0ms, collect 651ms, tests 653ms, environment 0ms, prepare 1.14s)

[vpw:debug] Shutting down runtimes...
 ELIFECYCLE  Test failed. See above for more details.
